14:25:19 **** Incremental Build of configuration Debug for project Protocol_testing ****
make -j16 all 
arm-none-eabi-gcc "../Core/Src/main.c" -mcpu=cortex-m4 -std=gnu11 -g3 -DDEBUG -DUSE_HAL_DRIVER -DSTM32F401xE -c -I../Core/Inc -I../Drivers/STM32F4xx_HAL_Driver/Inc -I../Drivers/STM32F4xx_HAL_Driver/Inc/Legacy -I../Drivers/CMSIS/Device/ST/STM32F4xx/Include -I../Drivers/CMSIS/Include -O0 -ffunction-sections -fdata-sections -Wall -fstack-usage -fcyclomatic-complexity -MMD -MP -MF"Core/Src/main.d" -MT"Core/Src/main.o" --specs=nano.specs -mfpu=fpv4-sp-d16 -mfloat-abi=hard -mthumb -o "Core/Src/main.o"
arm-none-eabi-gcc -o "Protocol_testing.elf" @"objects.list"   -mcpu=cortex-m4 -T"C:\Users\User\Desktop\PROJEKTI\EGG_INCUBATOR\EGG_INCUBATOR\04_Software\01_Prototype_Bringup_SW\CUBE_IDE_Testing\Protocol_testing\STM32F401RETX_FLASH.ld" --specs=nosys.specs -Wl,-Map="Protocol_testing.map" -Wl,--gc-sections -static --specs=nano.specs -mfpu=fpv4-sp-d16 -mfloat-abi=hard -mthumb -Wl,--start-group -lc -lm -Wl,--end-group
Finished building target: Protocol_testing.elf
 
arm-none-eabi-size   Protocol_testing.elf 
arm-none-eabi-objdump -h -S  Protocol_testing.elf  > "Protocol_testing.list"
   text	   data	    bss	    dec	    hex	filename
  13708	     20	   1796	  15524	   3ca4	Protocol_testing.elf
Finished building: default.size.stdout
 
Finished building: Protocol_testing.list
 
14:25:22 **** Incremental Build of configuration Debug for project Protocol_testing ****
make -j16 all 
arm-none-eabi-size   Protocol_testing.elf 
   text	   data	    bss	    dec	    hex	filename
  13708	     20	   1796	  15524	   3ca4	Protocol_testing.elf
Finished building: default.size.stdout
 
14:33:12 **** Incremental Build of configuration Debug for project Protocol_testing ****
make -j16 all 
arm-none-eabi-gcc "../Core/Src/main.c" -mcpu=cortex-m4 -std=gnu11 -g3 -DDEBUG -DUSE_HAL_DRIVER -DSTM32F401xE -c -I../Core/Inc -I../Drivers/STM32F4xx_HAL_Driver/Inc -I../Drivers/STM32F4xx_HAL_Driver/Inc/Legacy -I../Drivers/CMSIS/Device/ST/STM32F4xx/Include -I../Drivers/CMSIS/Include -O0 -ffunction-sections -fdata-sections -Wall -fstack-usage -fcyclomatic-complexity -MMD -MP -MF"Core/Src/main.d" -MT"Core/Src/main.o" --specs=nano.specs -mfpu=fpv4-sp-d16 -mfloat-abi=hard -mthumb -o "Core/Src/main.o"
arm-none-eabi-gcc -o "Protocol_testing.elf" @"objects.list"   -mcpu=cortex-m4 -T"C:\Users\User\Desktop\PROJEKTI\EGG_INCUBATOR\EGG_INCUBATOR\04_Software\01_Prototype_Bringup_SW\CUBE_IDE_Testing\Protocol_testing\STM32F401RETX_FLASH.ld" --specs=nosys.specs -Wl,-Map="Protocol_testing.map" -Wl,--gc-sections -static --specs=nano.specs -mfpu=fpv4-sp-d16 -mfloat-abi=hard -mthumb -Wl,--start-group -lc -lm -Wl,--end-group
Finished building target: Protocol_testing.elf
 
arm-none-eabi-size   Protocol_testing.elf 
arm-none-eabi-objdump -h -S  Protocol_testing.elf  > "Protocol_testing.list"
   text	   data	    bss	    dec	    hex	filename
  13720	     20	   1796	  15536	   3cb0	Protocol_testing.elf
Finished building: default.size.stdout
 
Finished building: Protocol_testing.list
 
14:34:48 **** Incremental Build of configuration Debug for project Protocol_testing ****
make -j16 all 
arm-none-eabi-gcc "../Core/Src/main.c" -mcpu=cortex-m4 -std=gnu11 -g3 -DDEBUG -DUSE_HAL_DRIVER -DSTM32F401xE -c -I../Core/Inc -I../Drivers/STM32F4xx_HAL_Driver/Inc -I../Drivers/STM32F4xx_HAL_Driver/Inc/Legacy -I../Drivers/CMSIS/Device/ST/STM32F4xx/Include -I../Drivers/CMSIS/Include -O0 -ffunction-sections -fdata-sections -Wall -fstack-usage -fcyclomatic-complexity -MMD -MP -MF"Core/Src/main.d" -MT"Core/Src/main.o" --specs=nano.specs -mfpu=fpv4-sp-d16 -mfloat-abi=hard -mthumb -o "Core/Src/main.o"
arm-none-eabi-gcc -o "Protocol_testing.elf" @"objects.list"   -mcpu=cortex-m4 -T"C:\Users\User\Desktop\PROJEKTI\EGG_INCUBATOR\EGG_INCUBATOR\04_Software\01_Prototype_Bringup_SW\CUBE_IDE_Testing\Protocol_testing\STM32F401RETX_FLASH.ld" --specs=nosys.specs -Wl,-Map="Protocol_testing.map" -Wl,--gc-sections -static --specs=nano.specs -mfpu=fpv4-sp-d16 -mfloat-abi=hard -mthumb -Wl,--start-group -lc -lm -Wl,--end-group
Finished building target: Protocol_testing.elf
 
arm-none-eabi-size   Protocol_testing.elf 
arm-none-eabi-objdump -h -S  Protocol_testing.elf  > "Protocol_testing.list"
   text	   data	    bss	    dec	    hex	filename
  13720	     20	   1796	  15536	   3cb0	Protocol_testing.elf
Finished building: default.size.stdout
 
Finished building: Protocol_testing.list
 
14:36:22 **** Incremental Build of configuration Debug for project Protocol_testing ****
make -j16 all 
arm-none-eabi-gcc "../Core/Src/main.c" -mcpu=cortex-m4 -std=gnu11 -g3 -DDEBUG -DUSE_HAL_DRIVER -DSTM32F401xE -c -I../Core/Inc -I../Drivers/STM32F4xx_HAL_Driver/Inc -I../Drivers/STM32F4xx_HAL_Driver/Inc/Legacy -I../Drivers/CMSIS/Device/ST/STM32F4xx/Include -I../Drivers/CMSIS/Include -O0 -ffunction-sections -fdata-sections -Wall -fstack-usage -fcyclomatic-complexity -MMD -MP -MF"Core/Src/main.d" -MT"Core/Src/main.o" --specs=nano.specs -mfpu=fpv4-sp-d16 -mfloat-abi=hard -mthumb -o "Core/Src/main.o"
arm-none-eabi-gcc -o "Protocol_testing.elf" @"objects.list"   -mcpu=cortex-m4 -T"C:\Users\User\Desktop\PROJEKTI\EGG_INCUBATOR\EGG_INCUBATOR\04_Software\01_Prototype_Bringup_SW\CUBE_IDE_Testing\Protocol_testing\STM32F401RETX_FLASH.ld" --specs=nosys.specs -Wl,-Map="Protocol_testing.map" -Wl,--gc-sections -static --specs=nano.specs -mfpu=fpv4-sp-d16 -mfloat-abi=hard -mthumb -Wl,--start-group -lc -lm -Wl,--end-group
Finished building target: Protocol_testing.elf
 
arm-none-eabi-size   Protocol_testing.elf 
arm-none-eabi-objdump -h -S  Protocol_testing.elf  > "Protocol_testing.list"
   text	   data	    bss	    dec	    hex	filename
  13720	     20	   1796	  15536	   3cb0	Protocol_testing.elf
Finished building: default.size.stdout
 
Finished building: Protocol_testing.list
 
14:45:15 **** Incremental Build of configuration Debug for project Protocol_testing ****
make -j16 all 
arm-none-eabi-gcc "../Core/Src/main.c" -mcpu=cortex-m4 -std=gnu11 -g3 -DDEBUG -DUSE_HAL_DRIVER -DSTM32F401xE -c -I../Core/Inc -I../Drivers/STM32F4xx_HAL_Driver/Inc -I../Drivers/STM32F4xx_HAL_Driver/Inc/Legacy -I../Drivers/CMSIS/Device/ST/STM32F4xx/Include -I../Drivers/CMSIS/Include -O0 -ffunction-sections -fdata-sections -Wall -fstack-usage -fcyclomatic-complexity -MMD -MP -MF"Core/Src/main.d" -MT"Core/Src/main.o" --specs=nano.specs -mfpu=fpv4-sp-d16 -mfloat-abi=hard -mthumb -o "Core/Src/main.o"
arm-none-eabi-gcc -o "Protocol_testing.elf" @"objects.list"   -mcpu=cortex-m4 -T"C:\Users\User\Desktop\PROJEKTI\EGG_INCUBATOR\EGG_INCUBATOR\04_Software\01_Prototype_Bringup_SW\CUBE_IDE_Testing\Protocol_testing\STM32F401RETX_FLASH.ld" --specs=nosys.specs -Wl,-Map="Protocol_testing.map" -Wl,--gc-sections -static --specs=nano.specs -mfpu=fpv4-sp-d16 -mfloat-abi=hard -mthumb -Wl,--start-group -lc -lm -Wl,--end-group
Finished building target: Protocol_testing.elf
 
arm-none-eabi-size   Protocol_testing.elf 
arm-none-eabi-objdump -h -S  Protocol_testing.elf  > "Protocol_testing.list"
   text	   data	    bss	    dec	    hex	filename
  13720	     20	   1796	  15536	   3cb0	Protocol_testing.elf
Finished building: default.size.stdout
 
Finished building: Protocol_testing.list
 
14:45:46 **** Incremental Build of configuration Debug for project Protocol_testing ****
make -j16 all 
arm-none-eabi-gcc "../Core/Src/main.c" -mcpu=cortex-m4 -std=gnu11 -g3 -DDEBUG -DUSE_HAL_DRIVER -DSTM32F401xE -c -I../Core/Inc -I../Drivers/STM32F4xx_HAL_Driver/Inc -I../Drivers/STM32F4xx_HAL_Driver/Inc/Legacy -I../Drivers/CMSIS/Device/ST/STM32F4xx/Include -I../Drivers/CMSIS/Include -O0 -ffunction-sections -fdata-sections -Wall -fstack-usage -fcyclomatic-complexity -MMD -MP -MF"Core/Src/main.d" -MT"Core/Src/main.o" --specs=nano.specs -mfpu=fpv4-sp-d16 -mfloat-abi=hard -mthumb -o "Core/Src/main.o"
arm-none-eabi-gcc -o "Protocol_testing.elf" @"objects.list"   -mcpu=cortex-m4 -T"C:\Users\User\Desktop\PROJEKTI\EGG_INCUBATOR\EGG_INCUBATOR\04_Software\01_Prototype_Bringup_SW\CUBE_IDE_Testing\Protocol_testing\STM32F401RETX_FLASH.ld" --specs=nosys.specs -Wl,-Map="Protocol_testing.map" -Wl,--gc-sections -static --specs=nano.specs -mfpu=fpv4-sp-d16 -mfloat-abi=hard -mthumb -Wl,--start-group -lc -lm -Wl,--end-group
Finished building target: Protocol_testing.elf
 
arm-none-eabi-size   Protocol_testing.elf 
arm-none-eabi-objdump -h -S  Protocol_testing.elf  > "Protocol_testing.list"
   text	   data	    bss	    dec	    hex	filename
  13712	     20	   1796	  15528	   3ca8	Protocol_testing.elf
Finished building: default.size.stdout
 
Finished building: Protocol_testing.list
 
14:47:04 **** Incremental Build of configuration Debug for project Protocol_testing ****
make -j16 all 
arm-none-eabi-gcc "../Core/Src/main.c" -mcpu=cortex-m4 -std=gnu11 -g3 -DDEBUG -DUSE_HAL_DRIVER -DSTM32F401xE -c -I../Core/Inc -I../Drivers/STM32F4xx_HAL_Driver/Inc -I../Drivers/STM32F4xx_HAL_Driver/Inc/Legacy -I../Drivers/CMSIS/Device/ST/STM32F4xx/Include -I../Drivers/CMSIS/Include -O0 -ffunction-sections -fdata-sections -Wall -fstack-usage -fcyclomatic-complexity -MMD -MP -MF"Core/Src/main.d" -MT"Core/Src/main.o" --specs=nano.specs -mfpu=fpv4-sp-d16 -mfloat-abi=hard -mthumb -o "Core/Src/main.o"
arm-none-eabi-gcc -o "Protocol_testing.elf" @"objects.list"   -mcpu=cortex-m4 -T"C:\Users\User\Desktop\PROJEKTI\EGG_INCUBATOR\EGG_INCUBATOR\04_Software\01_Prototype_Bringup_SW\CUBE_IDE_Testing\Protocol_testing\STM32F401RETX_FLASH.ld" --specs=nosys.specs -Wl,-Map="Protocol_testing.map" -Wl,--gc-sections -static --specs=nano.specs -mfpu=fpv4-sp-d16 -mfloat-abi=hard -mthumb -Wl,--start-group -lc -lm -Wl,--end-group
Finished building target: Protocol_testing.elf
 
arm-none-eabi-size   Protocol_testing.elf 
arm-none-eabi-objdump -h -S  Protocol_testing.elf  > "Protocol_testing.list"
   text	   data	    bss	    dec	    hex	filename
  13712	     20	   1796	  15528	   3ca8	Protocol_testing.elf
Finished building: default.size.stdout
 
Finished building: Protocol_testing.list
 
14:47:53 **** Incremental Build of configuration Debug for project Protocol_testing ****
make -j16 all 
arm-none-eabi-gcc "../Core/Src/main.c" -mcpu=cortex-m4 -std=gnu11 -g3 -DDEBUG -DUSE_HAL_DRIVER -DSTM32F401xE -c -I../Core/Inc -I../Drivers/STM32F4xx_HAL_Driver/Inc -I../Drivers/STM32F4xx_HAL_Driver/Inc/Legacy -I../Drivers/CMSIS/Device/ST/STM32F4xx/Include -I../Drivers/CMSIS/Include -O0 -ffunction-sections -fdata-sections -Wall -fstack-usage -fcyclomatic-complexity -MMD -MP -MF"Core/Src/main.d" -MT"Core/Src/main.o" --specs=nano.specs -mfpu=fpv4-sp-d16 -mfloat-abi=hard -mthumb -o "Core/Src/main.o"
arm-none-eabi-gcc -o "Protocol_testing.elf" @"objects.list"   -mcpu=cortex-m4 -T"C:\Users\User\Desktop\PROJEKTI\EGG_INCUBATOR\EGG_INCUBATOR\04_Software\01_Prototype_Bringup_SW\CUBE_IDE_Testing\Protocol_testing\STM32F401RETX_FLASH.ld" --specs=nosys.specs -Wl,-Map="Protocol_testing.map" -Wl,--gc-sections -static --specs=nano.specs -mfpu=fpv4-sp-d16 -mfloat-abi=hard -mthumb -Wl,--start-group -lc -lm -Wl,--end-group
Finished building target: Protocol_testing.elf
 
arm-none-eabi-size   Protocol_testing.elf 
arm-none-eabi-objdump -h -S  Protocol_testing.elf  > "Protocol_testing.list"
   text	   data	    bss	    dec	    hex	filename
  13724	     20	   1796	  15540	   3cb4	Protocol_testing.elf
Finished building: default.size.stdout
 
Finished building: Protocol_testing.list
 
14:48:39 **** Incremental Build of configuration Debug for project Protocol_testing ****
make -j16 all 
arm-none-eabi-gcc "../Core/Src/main.c" -mcpu=cortex-m4 -std=gnu11 -g3 -DDEBUG -DUSE_HAL_DRIVER -DSTM32F401xE -c -I../Core/Inc -I../Drivers/STM32F4xx_HAL_Driver/Inc -I../Drivers/STM32F4xx_HAL_Driver/Inc/Legacy -I../Drivers/CMSIS/Device/ST/STM32F4xx/Include -I../Drivers/CMSIS/Include -O0 -ffunction-sections -fdata-sections -Wall -fstack-usage -fcyclomatic-complexity -MMD -MP -MF"Core/Src/main.d" -MT"Core/Src/main.o" --specs=nano.specs -mfpu=fpv4-sp-d16 -mfloat-abi=hard -mthumb -o "Core/Src/main.o"
arm-none-eabi-gcc -o "Protocol_testing.elf" @"objects.list"   -mcpu=cortex-m4 -T"C:\Users\User\Desktop\PROJEKTI\EGG_INCUBATOR\EGG_INCUBATOR\04_Software\01_Prototype_Bringup_SW\CUBE_IDE_Testing\Protocol_testing\STM32F401RETX_FLASH.ld" --specs=nosys.specs -Wl,-Map="Protocol_testing.map" -Wl,--gc-sections -static --specs=nano.specs -mfpu=fpv4-sp-d16 -mfloat-abi=hard -mthumb -Wl,--start-group -lc -lm -Wl,--end-group
Finished building target: Protocol_testing.elf
 
arm-none-eabi-size   Protocol_testing.elf 
arm-none-eabi-objdump -h -S  Protocol_testing.elf  > "Protocol_testing.list"
   text	   data	    bss	    dec	    hex	filename
  13724	     20	   1796	  15540	   3cb4	Protocol_testing.elf
Finished building: default.size.stdout
 
Finished building: Protocol_testing.list
 
14:55:49 **** Incremental Build of configuration Debug for project Protocol_testing ****
make -j16 all 
arm-none-eabi-gcc "../Core/Src/main.c" -mcpu=cortex-m4 -std=gnu11 -g3 -DDEBUG -DUSE_HAL_DRIVER -DSTM32F401xE -c -I../Core/Inc -I../Drivers/STM32F4xx_HAL_Driver/Inc -I../Drivers/STM32F4xx_HAL_Driver/Inc/Legacy -I../Drivers/CMSIS/Device/ST/STM32F4xx/Include -I../Drivers/CMSIS/Include -O0 -ffunction-sections -fdata-sections -Wall -fstack-usage -fcyclomatic-complexity -MMD -MP -MF"Core/Src/main.d" -MT"Core/Src/main.o" --specs=nano.specs -mfpu=fpv4-sp-d16 -mfloat-abi=hard -mthumb -o "Core/Src/main.o"
arm-none-eabi-gcc -o "Protocol_testing.elf" @"objects.list"   -mcpu=cortex-m4 -T"C:\Users\User\Desktop\PROJEKTI\EGG_INCUBATOR\EGG_INCUBATOR\04_Software\01_Prototype_Bringup_SW\CUBE_IDE_Testing\Protocol_testing\STM32F401RETX_FLASH.ld" --specs=nosys.specs -Wl,-Map="Protocol_testing.map" -Wl,--gc-sections -static --specs=nano.specs -mfpu=fpv4-sp-d16 -mfloat-abi=hard -mthumb -Wl,--start-group -lc -lm -Wl,--end-group
Finished building target: Protocol_testing.elf
 
arm-none-eabi-size   Protocol_testing.elf 
arm-none-eabi-objdump -h -S  Protocol_testing.elf  > "Protocol_testing.list"
   text	   data	    bss	    dec	    hex	filename
  13724	     20	   1796	  15540	   3cb4	Protocol_testing.elf
Finished building: default.size.stdout
 
Finished building: Protocol_testing.list
 
14:56:35 **** Incremental Build of configuration Debug for project Protocol_testing ****
make -j16 all 
arm-none-eabi-gcc "../Core/Src/main.c" -mcpu=cortex-m4 -std=gnu11 -g3 -DDEBUG -DUSE_HAL_DRIVER -DSTM32F401xE -c -I../Core/Inc -I../Drivers/STM32F4xx_HAL_Driver/Inc -I../Drivers/STM32F4xx_HAL_Driver/Inc/Legacy -I../Drivers/CMSIS/Device/ST/STM32F4xx/Include -I../Drivers/CMSIS/Include -O0 -ffunction-sections -fdata-sections -Wall -fstack-usage -fcyclomatic-complexity -MMD -MP -MF"Core/Src/main.d" -MT"Core/Src/main.o" --specs=nano.specs -mfpu=fpv4-sp-d16 -mfloat-abi=hard -mthumb -o "Core/Src/main.o"
arm-none-eabi-gcc -o "Protocol_testing.elf" @"objects.list"   -mcpu=cortex-m4 -T"C:\Users\User\Desktop\PROJEKTI\EGG_INCUBATOR\EGG_INCUBATOR\04_Software\01_Prototype_Bringup_SW\CUBE_IDE_Testing\Protocol_testing\STM32F401RETX_FLASH.ld" --specs=nosys.specs -Wl,-Map="Protocol_testing.map" -Wl,--gc-sections -static --specs=nano.specs -mfpu=fpv4-sp-d16 -mfloat-abi=hard -mthumb -Wl,--start-group -lc -lm -Wl,--end-group
Finished building target: Protocol_testing.elf
 
arm-none-eabi-size   Protocol_testing.elf 
arm-none-eabi-objdump -h -S  Protocol_testing.elf  > "Protocol_testing.list"
   text	   data	    bss	    dec	    hex	filename
  13724	     20	   1796	  15540	   3cb4	Protocol_testing.elf
Finished building: default.size.stdout
 
Finished building: Protocol_testing.list
 
15:01:18 **** Incremental Build of configuration Debug for project Protocol_testing ****
make -j16 all 
arm-none-eabi-gcc "../Core/Src/main.c" -mcpu=cortex-m4 -std=gnu11 -g3 -DDEBUG -DUSE_HAL_DRIVER -DSTM32F401xE -c -I../Core/Inc -I../Drivers/STM32F4xx_HAL_Driver/Inc -I../Drivers/STM32F4xx_HAL_Driver/Inc/Legacy -I../Drivers/CMSIS/Device/ST/STM32F4xx/Include -I../Drivers/CMSIS/Include -O0 -ffunction-sections -fdata-sections -Wall -fstack-usage -fcyclomatic-complexity -MMD -MP -MF"Core/Src/main.d" -MT"Core/Src/main.o" --specs=nano.specs -mfpu=fpv4-sp-d16 -mfloat-abi=hard -mthumb -o "Core/Src/main.o"
arm-none-eabi-gcc -o "Protocol_testing.elf" @"objects.list"   -mcpu=cortex-m4 -T"C:\Users\User\Desktop\PROJEKTI\EGG_INCUBATOR\EGG_INCUBATOR\04_Software\01_Prototype_Bringup_SW\CUBE_IDE_Testing\Protocol_testing\STM32F401RETX_FLASH.ld" --specs=nosys.specs -Wl,-Map="Protocol_testing.map" -Wl,--gc-sections -static --specs=nano.specs -mfpu=fpv4-sp-d16 -mfloat-abi=hard -mthumb -Wl,--start-group -lc -lm -Wl,--end-group
Finished building target: Protocol_testing.elf
 
arm-none-eabi-size   Protocol_testing.elf 
arm-none-eabi-objdump -h -S  Protocol_testing.elf  > "Protocol_testing.list"
   text	   data	    bss	    dec	    hex	filename
  13724	     20	   1796	  15540	   3cb4	Protocol_testing.elf
Finished building: default.size.stdout
 
Finished building: Protocol_testing.list
 
15:02:20 **** Incremental Build of configuration Debug for project Protocol_testing ****
make -j16 all 
arm-none-eabi-gcc "../Core/Src/main.c" -mcpu=cortex-m4 -std=gnu11 -g3 -DDEBUG -DUSE_HAL_DRIVER -DSTM32F401xE -c -I../Core/Inc -I../Drivers/STM32F4xx_HAL_Driver/Inc -I../Drivers/STM32F4xx_HAL_Driver/Inc/Legacy -I../Drivers/CMSIS/Device/ST/STM32F4xx/Include -I../Drivers/CMSIS/Include -O0 -ffunction-sections -fdata-sections -Wall -fstack-usage -fcyclomatic-complexity -MMD -MP -MF"Core/Src/main.d" -MT"Core/Src/main.o" --specs=nano.specs -mfpu=fpv4-sp-d16 -mfloat-abi=hard -mthumb -o "Core/Src/main.o"
arm-none-eabi-gcc -o "Protocol_testing.elf" @"objects.list"   -mcpu=cortex-m4 -T"C:\Users\User\Desktop\PROJEKTI\EGG_INCUBATOR\EGG_INCUBATOR\04_Software\01_Prototype_Bringup_SW\CUBE_IDE_Testing\Protocol_testing\STM32F401RETX_FLASH.ld" --specs=nosys.specs -Wl,-Map="Protocol_testing.map" -Wl,--gc-sections -static --specs=nano.specs -mfpu=fpv4-sp-d16 -mfloat-abi=hard -mthumb -Wl,--start-group -lc -lm -Wl,--end-group
Finished building target: Protocol_testing.elf
 
arm-none-eabi-size   Protocol_testing.elf 
arm-none-eabi-objdump -h -S  Protocol_testing.elf  > "Protocol_testing.list"
   text	   data	    bss	    dec	    hex	filename
  13724	     20	   1796	  15540	   3cb4	Protocol_testing.elf
Finished building: default.size.stdout
 
Finished building: Protocol_testing.list
 
15:03:59 **** Incremental Build of configuration Debug for project Protocol_testing ****
make -j16 all 
arm-none-eabi-gcc "../Core/Src/main.c" -mcpu=cortex-m4 -std=gnu11 -g3 -DDEBUG -DUSE_HAL_DRIVER -DSTM32F401xE -c -I../Core/Inc -I../Drivers/STM32F4xx_HAL_Driver/Inc -I../Drivers/STM32F4xx_HAL_Driver/Inc/Legacy -I../Drivers/CMSIS/Device/ST/STM32F4xx/Include -I../Drivers/CMSIS/Include -O0 -ffunction-sections -fdata-sections -Wall -fstack-usage -fcyclomatic-complexity -MMD -MP -MF"Core/Src/main.d" -MT"Core/Src/main.o" --specs=nano.specs -mfpu=fpv4-sp-d16 -mfloat-abi=hard -mthumb -o "Core/Src/main.o"
arm-none-eabi-gcc -o "Protocol_testing.elf" @"objects.list"   -mcpu=cortex-m4 -T"C:\Users\User\Desktop\PROJEKTI\EGG_INCUBATOR\EGG_INCUBATOR\04_Software\01_Prototype_Bringup_SW\CUBE_IDE_Testing\Protocol_testing\STM32F401RETX_FLASH.ld" --specs=nosys.specs -Wl,-Map="Protocol_testing.map" -Wl,--gc-sections -static --specs=nano.specs -mfpu=fpv4-sp-d16 -mfloat-abi=hard -mthumb -Wl,--start-group -lc -lm -Wl,--end-group
Finished building target: Protocol_testing.elf
 
arm-none-eabi-size   Protocol_testing.elf 
arm-none-eabi-objdump -h -S  Protocol_testing.elf  > "Protocol_testing.list"
   text	   data	    bss	    dec	    hex	filename
  13724	     20	   1796	  15540	   3cb4	Protocol_testing.elf
Finished building: default.size.stdout
 
Finished building: Protocol_testing.list
 
15:06:30 **** Incremental Build of configuration Debug for project Protocol_testing ****
make -j16 all 
arm-none-eabi-gcc "../Core/Src/main.c" -mcpu=cortex-m4 -std=gnu11 -g3 -DDEBUG -DUSE_HAL_DRIVER -DSTM32F401xE -c -I../Core/Inc -I../Drivers/STM32F4xx_HAL_Driver/Inc -I../Drivers/STM32F4xx_HAL_Driver/Inc/Legacy -I../Drivers/CMSIS/Device/ST/STM32F4xx/Include -I../Drivers/CMSIS/Include -O0 -ffunction-sections -fdata-sections -Wall -fstack-usage -fcyclomatic-complexity -MMD -MP -MF"Core/Src/main.d" -MT"Core/Src/main.o" --specs=nano.specs -mfpu=fpv4-sp-d16 -mfloat-abi=hard -mthumb -o "Core/Src/main.o"
arm-none-eabi-gcc -o "Protocol_testing.elf" @"objects.list"   -mcpu=cortex-m4 -T"C:\Users\User\Desktop\PROJEKTI\EGG_INCUBATOR\EGG_INCUBATOR\04_Software\01_Prototype_Bringup_SW\CUBE_IDE_Testing\Protocol_testing\STM32F401RETX_FLASH.ld" --specs=nosys.specs -Wl,-Map="Protocol_testing.map" -Wl,--gc-sections -static --specs=nano.specs -mfpu=fpv4-sp-d16 -mfloat-abi=hard -mthumb -Wl,--start-group -lc -lm -Wl,--end-group
Finished building target: Protocol_testing.elf
 
arm-none-eabi-size   Protocol_testing.elf 
arm-none-eabi-objdump -h -S  Protocol_testing.elf  > "Protocol_testing.list"
   text	   data	    bss	    dec	    hex	filename
  13780	     20	   1796	  15596	   3cec	Protocol_testing.elf
Finished building: default.size.stdout
 
Finished building: Protocol_testing.list
 
15:08:06 **** Incremental Build of configuration Debug for project Protocol_testing ****
make -j16 all 
arm-none-eabi-gcc "../Core/Src/main.c" -mcpu=cortex-m4 -std=gnu11 -g3 -DDEBUG -DUSE_HAL_DRIVER -DSTM32F401xE -c -I../Core/Inc -I../Drivers/STM32F4xx_HAL_Driver/Inc -I../Drivers/STM32F4xx_HAL_Driver/Inc/Legacy -I../Drivers/CMSIS/Device/ST/STM32F4xx/Include -I../Drivers/CMSIS/Include -O0 -ffunction-sections -fdata-sections -Wall -fstack-usage -fcyclomatic-complexity -MMD -MP -MF"Core/Src/main.d" -MT"Core/Src/main.o" --specs=nano.specs -mfpu=fpv4-sp-d16 -mfloat-abi=hard -mthumb -o "Core/Src/main.o"
arm-none-eabi-gcc -o "Protocol_testing.elf" @"objects.list"   -mcpu=cortex-m4 -T"C:\Users\User\Desktop\PROJEKTI\EGG_INCUBATOR\EGG_INCUBATOR\04_Software\01_Prototype_Bringup_SW\CUBE_IDE_Testing\Protocol_testing\STM32F401RETX_FLASH.ld" --specs=nosys.specs -Wl,-Map="Protocol_testing.map" -Wl,--gc-sections -static --specs=nano.specs -mfpu=fpv4-sp-d16 -mfloat-abi=hard -mthumb -Wl,--start-group -lc -lm -Wl,--end-group
Finished building target: Protocol_testing.elf
 
arm-none-eabi-size   Protocol_testing.elf 
arm-none-eabi-objdump -h -S  Protocol_testing.elf  > "Protocol_testing.list"
   text	   data	    bss	    dec	    hex	filename
  13780	     20	   1796	  15596	   3cec	Protocol_testing.elf
Finished building: default.size.stdout
 
Finished building: Protocol_testing.list
 
15:12:09 **** Incremental Build of configuration Debug for project Protocol_testing ****
make -j16 all 
arm-none-eabi-gcc "../Core/Src/main.c" -mcpu=cortex-m4 -std=gnu11 -g3 -DDEBUG -DUSE_HAL_DRIVER -DSTM32F401xE -c -I../Core/Inc -I../Drivers/STM32F4xx_HAL_Driver/Inc -I../Drivers/STM32F4xx_HAL_Driver/Inc/Legacy -I../Drivers/CMSIS/Device/ST/STM32F4xx/Include -I../Drivers/CMSIS/Include -O0 -ffunction-sections -fdata-sections -Wall -fstack-usage -fcyclomatic-complexity -MMD -MP -MF"Core/Src/main.d" -MT"Core/Src/main.o" --specs=nano.specs -mfpu=fpv4-sp-d16 -mfloat-abi=hard -mthumb -o "Core/Src/main.o"
arm-none-eabi-gcc -o "Protocol_testing.elf" @"objects.list"   -mcpu=cortex-m4 -T"C:\Users\User\Desktop\PROJEKTI\EGG_INCUBATOR\EGG_INCUBATOR\04_Software\01_Prototype_Bringup_SW\CUBE_IDE_Testing\Protocol_testing\STM32F401RETX_FLASH.ld" --specs=nosys.specs -Wl,-Map="Protocol_testing.map" -Wl,--gc-sections -static --specs=nano.specs -mfpu=fpv4-sp-d16 -mfloat-abi=hard -mthumb -Wl,--start-group -lc -lm -Wl,--end-group
Finished building target: Protocol_testing.elf
 
arm-none-eabi-size   Protocol_testing.elf 
arm-none-eabi-objdump -h -S  Protocol_testing.elf  > "Protocol_testing.list"
   text	   data	    bss	    dec	    hex	filename
  13780	     20	   1796	  15596	   3cec	Protocol_testing.elf
Finished building: default.size.stdout
 
Finished building: Protocol_testing.list
 
15:13:10 **** Incremental Build of configuration Debug for project Protocol_testing ****
make -j16 all 
arm-none-eabi-gcc "../Core/Src/main.c" -mcpu=cortex-m4 -std=gnu11 -g3 -DDEBUG -DUSE_HAL_DRIVER -DSTM32F401xE -c -I../Core/Inc -I../Drivers/STM32F4xx_HAL_Driver/Inc -I../Drivers/STM32F4xx_HAL_Driver/Inc/Legacy -I../Drivers/CMSIS/Device/ST/STM32F4xx/Include -I../Drivers/CMSIS/Include -O0 -ffunction-sections -fdata-sections -Wall -fstack-usage -fcyclomatic-complexity -MMD -MP -MF"Core/Src/main.d" -MT"Core/Src/main.o" --specs=nano.specs -mfpu=fpv4-sp-d16 -mfloat-abi=hard -mthumb -o "Core/Src/main.o"
arm-none-eabi-gcc -o "Protocol_testing.elf" @"objects.list"   -mcpu=cortex-m4 -T"C:\Users\User\Desktop\PROJEKTI\EGG_INCUBATOR\EGG_INCUBATOR\04_Software\01_Prototype_Bringup_SW\CUBE_IDE_Testing\Protocol_testing\STM32F401RETX_FLASH.ld" --specs=nosys.specs -Wl,-Map="Protocol_testing.map" -Wl,--gc-sections -static --specs=nano.specs -mfpu=fpv4-sp-d16 -mfloat-abi=hard -mthumb -Wl,--start-group -lc -lm -Wl,--end-group
Finished building target: Protocol_testing.elf
 
arm-none-eabi-size   Protocol_testing.elf 
arm-none-eabi-objdump -h -S  Protocol_testing.elf  > "Protocol_testing.list"
   text	   data	    bss	    dec	    hex	filename
  13780	     20	   1796	  15596	   3cec	Protocol_testing.elf
Finished building: default.size.stdout
 
Finished building: Protocol_testing.list
 
15:17:52 **** Incremental Build of configuration Debug for project Protocol_testing ****
make -j16 all 
arm-none-eabi-gcc "../Core/Src/main.c" -mcpu=cortex-m4 -std=gnu11 -g3 -DDEBUG -DUSE_HAL_DRIVER -DSTM32F401xE -c -I../Core/Inc -I../Drivers/STM32F4xx_HAL_Driver/Inc -I../Drivers/STM32F4xx_HAL_Driver/Inc/Legacy -I../Drivers/CMSIS/Device/ST/STM32F4xx/Include -I../Drivers/CMSIS/Include -O0 -ffunction-sections -fdata-sections -Wall -fstack-usage -fcyclomatic-complexity -MMD -MP -MF"Core/Src/main.d" -MT"Core/Src/main.o" --specs=nano.specs -mfpu=fpv4-sp-d16 -mfloat-abi=hard -mthumb -o "Core/Src/main.o"
arm-none-eabi-gcc -o "Protocol_testing.elf" @"objects.list"   -mcpu=cortex-m4 -T"C:\Users\User\Desktop\PROJEKTI\EGG_INCUBATOR\EGG_INCUBATOR\04_Software\01_Prototype_Bringup_SW\CUBE_IDE_Testing\Protocol_testing\STM32F401RETX_FLASH.ld" --specs=nosys.specs -Wl,-Map="Protocol_testing.map" -Wl,--gc-sections -static --specs=nano.specs -mfpu=fpv4-sp-d16 -mfloat-abi=hard -mthumb -Wl,--start-group -lc -lm -Wl,--end-group
Finished building target: Protocol_testing.elf
 
arm-none-eabi-size   Protocol_testing.elf 
arm-none-eabi-objdump -h -S  Protocol_testing.elf  > "Protocol_testing.list"
   text	   data	    bss	    dec	    hex	filename
  13780	     20	   1796	  15596	   3cec	Protocol_testing.elf
Finished building: default.size.stdout
 
Finished building: Protocol_testing.list
 
15:18:44 **** Incremental Build of configuration Debug for project Protocol_testing ****
make -j16 all 
arm-none-eabi-gcc "../Core/Src/main.c" -mcpu=cortex-m4 -std=gnu11 -g3 -DDEBUG -DUSE_HAL_DRIVER -DSTM32F401xE -c -I../Core/Inc -I../Drivers/STM32F4xx_HAL_Driver/Inc -I../Drivers/STM32F4xx_HAL_Driver/Inc/Legacy -I../Drivers/CMSIS/Device/ST/STM32F4xx/Include -I../Drivers/CMSIS/Include -O0 -ffunction-sections -fdata-sections -Wall -fstack-usage -fcyclomatic-complexity -MMD -MP -MF"Core/Src/main.d" -MT"Core/Src/main.o" --specs=nano.specs -mfpu=fpv4-sp-d16 -mfloat-abi=hard -mthumb -o "Core/Src/main.o"
arm-none-eabi-gcc -o "Protocol_testing.elf" @"objects.list"   -mcpu=cortex-m4 -T"C:\Users\User\Desktop\PROJEKTI\EGG_INCUBATOR\EGG_INCUBATOR\04_Software\01_Prototype_Bringup_SW\CUBE_IDE_Testing\Protocol_testing\STM32F401RETX_FLASH.ld" --specs=nosys.specs -Wl,-Map="Protocol_testing.map" -Wl,--gc-sections -static --specs=nano.specs -mfpu=fpv4-sp-d16 -mfloat-abi=hard -mthumb -Wl,--start-group -lc -lm -Wl,--end-group
Finished building target: Protocol_testing.elf
 
arm-none-eabi-size   Protocol_testing.elf 
arm-none-eabi-objdump -h -S  Protocol_testing.elf  > "Protocol_testing.list"
   text	   data	    bss	    dec	    hex	filename
  13780	     20	   1796	  15596	   3cec	Protocol_testing.elf
Finished building: default.size.stdout
 
Finished building: Protocol_testing.list
 
15:19:46 **** Incremental Build of configuration Debug for project Protocol_testing ****
make -j16 all 
arm-none-eabi-gcc "../Core/Src/main.c" -mcpu=cortex-m4 -std=gnu11 -g3 -DDEBUG -DUSE_HAL_DRIVER -DSTM32F401xE -c -I../Core/Inc -I../Drivers/STM32F4xx_HAL_Driver/Inc -I../Drivers/STM32F4xx_HAL_Driver/Inc/Legacy -I../Drivers/CMSIS/Device/ST/STM32F4xx/Include -I../Drivers/CMSIS/Include -O0 -ffunction-sections -fdata-sections -Wall -fstack-usage -fcyclomatic-complexity -MMD -MP -MF"Core/Src/main.d" -MT"Core/Src/main.o" --specs=nano.specs -mfpu=fpv4-sp-d16 -mfloat-abi=hard -mthumb -o "Core/Src/main.o"
arm-none-eabi-gcc -o "Protocol_testing.elf" @"objects.list"   -mcpu=cortex-m4 -T"C:\Users\User\Desktop\PROJEKTI\EGG_INCUBATOR\EGG_INCUBATOR\04_Software\01_Prototype_Bringup_SW\CUBE_IDE_Testing\Protocol_testing\STM32F401RETX_FLASH.ld" --specs=nosys.specs -Wl,-Map="Protocol_testing.map" -Wl,--gc-sections -static --specs=nano.specs -mfpu=fpv4-sp-d16 -mfloat-abi=hard -mthumb -Wl,--start-group -lc -lm -Wl,--end-group
Finished building target: Protocol_testing.elf
 
arm-none-eabi-size   Protocol_testing.elf 
arm-none-eabi-objdump -h -S  Protocol_testing.elf  > "Protocol_testing.list"
   text	   data	    bss	    dec	    hex	filename
  13780	     20	   1796	  15596	   3cec	Protocol_testing.elf
Finished building: default.size.stdout
 
Finished building: Protocol_testing.list
 
15:28:04 **** Incremental Build of configuration Debug for project Protocol_testing ****
make -j16 all 
arm-none-eabi-gcc "../Core/Src/main.c" -mcpu=cortex-m4 -std=gnu11 -g3 -DDEBUG -DUSE_HAL_DRIVER -DSTM32F401xE -c -I../Core/Inc -I../Drivers/STM32F4xx_HAL_Driver/Inc -I../Drivers/STM32F4xx_HAL_Driver/Inc/Legacy -I../Drivers/CMSIS/Device/ST/STM32F4xx/Include -I../Drivers/CMSIS/Include -O0 -ffunction-sections -fdata-sections -Wall -fstack-usage -fcyclomatic-complexity -MMD -MP -MF"Core/Src/main.d" -MT"Core/Src/main.o" --specs=nano.specs -mfpu=fpv4-sp-d16 -mfloat-abi=hard -mthumb -o "Core/Src/main.o"
arm-none-eabi-gcc -o "Protocol_testing.elf" @"objects.list"   -mcpu=cortex-m4 -T"C:\Users\User\Desktop\PROJEKTI\EGG_INCUBATOR\EGG_INCUBATOR\04_Software\01_Prototype_Bringup_SW\CUBE_IDE_Testing\Protocol_testing\STM32F401RETX_FLASH.ld" --specs=nosys.specs -Wl,-Map="Protocol_testing.map" -Wl,--gc-sections -static --specs=nano.specs -mfpu=fpv4-sp-d16 -mfloat-abi=hard -mthumb -Wl,--start-group -lc -lm -Wl,--end-group
Finished building target: Protocol_testing.elf
 
arm-none-eabi-size   Protocol_testing.elf 
arm-none-eabi-objdump -h -S  Protocol_testing.elf  > "Protocol_testing.list"
   text	   data	    bss	    dec	    hex	filename
  13780	     20	   1796	  15596	   3cec	Protocol_testing.elf
Finished building: default.size.stdout
 
Finished building: Protocol_testing.list
 
15:30:29 **** Incremental Build of configuration Debug for project Protocol_testing ****
make -j16 all 
arm-none-eabi-gcc "../Core/Src/main.c" -mcpu=cortex-m4 -std=gnu11 -g3 -DDEBUG -DUSE_HAL_DRIVER -DSTM32F401xE -c -I../Core/Inc -I../Drivers/STM32F4xx_HAL_Driver/Inc -I../Drivers/STM32F4xx_HAL_Driver/Inc/Legacy -I../Drivers/CMSIS/Device/ST/STM32F4xx/Include -I../Drivers/CMSIS/Include -O0 -ffunction-sections -fdata-sections -Wall -fstack-usage -fcyclomatic-complexity -MMD -MP -MF"Core/Src/main.d" -MT"Core/Src/main.o" --specs=nano.specs -mfpu=fpv4-sp-d16 -mfloat-abi=hard -mthumb -o "Core/Src/main.o"
arm-none-eabi-gcc -o "Protocol_testing.elf" @"objects.list"   -mcpu=cortex-m4 -T"C:\Users\User\Desktop\PROJEKTI\EGG_INCUBATOR\EGG_INCUBATOR\04_Software\01_Prototype_Bringup_SW\CUBE_IDE_Testing\Protocol_testing\STM32F401RETX_FLASH.ld" --specs=nosys.specs -Wl,-Map="Protocol_testing.map" -Wl,--gc-sections -static --specs=nano.specs -mfpu=fpv4-sp-d16 -mfloat-abi=hard -mthumb -Wl,--start-group -lc -lm -Wl,--end-group
Finished building target: Protocol_testing.elf
 
arm-none-eabi-size   Protocol_testing.elf 
arm-none-eabi-objdump -h -S  Protocol_testing.elf  > "Protocol_testing.list"
   text	   data	    bss	    dec	    hex	filename
  13780	     20	   1796	  15596	   3cec	Protocol_testing.elf
Finished building: default.size.stdout
 
Finished building: Protocol_testing.list
 
15:30:57 **** Incremental Build of configuration Debug for project Protocol_testing ****
make -j16 all 
arm-none-eabi-gcc "../Core/Src/main.c" -mcpu=cortex-m4 -std=gnu11 -g3 -DDEBUG -DUSE_HAL_DRIVER -DSTM32F401xE -c -I../Core/Inc -I../Drivers/STM32F4xx_HAL_Driver/Inc -I../Drivers/STM32F4xx_HAL_Driver/Inc/Legacy -I../Drivers/CMSIS/Device/ST/STM32F4xx/Include -I../Drivers/CMSIS/Include -O0 -ffunction-sections -fdata-sections -Wall -fstack-usage -fcyclomatic-complexity -MMD -MP -MF"Core/Src/main.d" -MT"Core/Src/main.o" --specs=nano.specs -mfpu=fpv4-sp-d16 -mfloat-abi=hard -mthumb -o "Core/Src/main.o"
arm-none-eabi-gcc -o "Protocol_testing.elf" @"objects.list"   -mcpu=cortex-m4 -T"C:\Users\User\Desktop\PROJEKTI\EGG_INCUBATOR\EGG_INCUBATOR\04_Software\01_Prototype_Bringup_SW\CUBE_IDE_Testing\Protocol_testing\STM32F401RETX_FLASH.ld" --specs=nosys.specs -Wl,-Map="Protocol_testing.map" -Wl,--gc-sections -static --specs=nano.specs -mfpu=fpv4-sp-d16 -mfloat-abi=hard -mthumb -Wl,--start-group -lc -lm -Wl,--end-group
Finished building target: Protocol_testing.elf
 
arm-none-eabi-size   Protocol_testing.elf 
arm-none-eabi-objdump -h -S  Protocol_testing.elf  > "Protocol_testing.list"
   text	   data	    bss	    dec	    hex	filename
  13780	     20	   1796	  15596	   3cec	Protocol_testing.elf
Finished building: default.size.stdout
 
Finished building: Protocol_testing.list
 
15:31:56 **** Incremental Build of configuration Debug for project Protocol_testing ****
make -j16 all 
arm-none-eabi-gcc "../Core/Src/main.c" -mcpu=cortex-m4 -std=gnu11 -g3 -DDEBUG -DUSE_HAL_DRIVER -DSTM32F401xE -c -I../Core/Inc -I../Drivers/STM32F4xx_HAL_Driver/Inc -I../Drivers/STM32F4xx_HAL_Driver/Inc/Legacy -I../Drivers/CMSIS/Device/ST/STM32F4xx/Include -I../Drivers/CMSIS/Include -O0 -ffunction-sections -fdata-sections -Wall -fstack-usage -fcyclomatic-complexity -MMD -MP -MF"Core/Src/main.d" -MT"Core/Src/main.o" --specs=nano.specs -mfpu=fpv4-sp-d16 -mfloat-abi=hard -mthumb -o "Core/Src/main.o"
arm-none-eabi-gcc -o "Protocol_testing.elf" @"objects.list"   -mcpu=cortex-m4 -T"C:\Users\User\Desktop\PROJEKTI\EGG_INCUBATOR\EGG_INCUBATOR\04_Software\01_Prototype_Bringup_SW\CUBE_IDE_Testing\Protocol_testing\STM32F401RETX_FLASH.ld" --specs=nosys.specs -Wl,-Map="Protocol_testing.map" -Wl,--gc-sections -static --specs=nano.specs -mfpu=fpv4-sp-d16 -mfloat-abi=hard -mthumb -Wl,--start-group -lc -lm -Wl,--end-group
Finished building target: Protocol_testing.elf
 
arm-none-eabi-size   Protocol_testing.elf 
arm-none-eabi-objdump -h -S  Protocol_testing.elf  > "Protocol_testing.list"
   text	   data	    bss	    dec	    hex	filename
  13780	     20	   1796	  15596	   3cec	Protocol_testing.elf
Finished building: default.size.stdout
 
Finished building: Protocol_testing.list
 
15:33:13 **** Incremental Build of configuration Debug for project Protocol_testing ****
make -j16 all 
arm-none-eabi-gcc "../Core/Src/main.c" -mcpu=cortex-m4 -std=gnu11 -g3 -DDEBUG -DUSE_HAL_DRIVER -DSTM32F401xE -c -I../Core/Inc -I../Drivers/STM32F4xx_HAL_Driver/Inc -I../Drivers/STM32F4xx_HAL_Driver/Inc/Legacy -I../Drivers/CMSIS/Device/ST/STM32F4xx/Include -I../Drivers/CMSIS/Include -O0 -ffunction-sections -fdata-sections -Wall -fstack-usage -fcyclomatic-complexity -MMD -MP -MF"Core/Src/main.d" -MT"Core/Src/main.o" --specs=nano.specs -mfpu=fpv4-sp-d16 -mfloat-abi=hard -mthumb -o "Core/Src/main.o"
arm-none-eabi-gcc -o "Protocol_testing.elf" @"objects.list"   -mcpu=cortex-m4 -T"C:\Users\User\Desktop\PROJEKTI\EGG_INCUBATOR\EGG_INCUBATOR\04_Software\01_Prototype_Bringup_SW\CUBE_IDE_Testing\Protocol_testing\STM32F401RETX_FLASH.ld" --specs=nosys.specs -Wl,-Map="Protocol_testing.map" -Wl,--gc-sections -static --specs=nano.specs -mfpu=fpv4-sp-d16 -mfloat-abi=hard -mthumb -Wl,--start-group -lc -lm -Wl,--end-group
Finished building target: Protocol_testing.elf
 
arm-none-eabi-size   Protocol_testing.elf 
arm-none-eabi-objdump -h -S  Protocol_testing.elf  > "Protocol_testing.list"
   text	   data	    bss	    dec	    hex	filename
  13780	     20	   1796	  15596	   3cec	Protocol_testing.elf
Finished building: default.size.stdout
 
Finished building: Protocol_testing.list
 
