15:33:13 **** Incremental Build of configuration Debug for project Protocol_testing ****
make -j16 all 
arm-none-eabi-gcc "../Core/Src/main.c" -mcpu=cortex-m4 -std=gnu11 -g3 -DDEBUG -DUSE_HAL_DRIVER -DSTM32F401xE -c -I../Core/Inc -I../Drivers/STM32F4xx_HAL_Driver/Inc -I../Drivers/STM32F4xx_HAL_Driver/Inc/Legacy -I../Drivers/CMSIS/Device/ST/STM32F4xx/Include -I../Drivers/CMSIS/Include -O0 -ffunction-sections -fdata-sections -Wall -fstack-usage -fcyclomatic-complexity -MMD -MP -MF"Core/Src/main.d" -MT"Core/Src/main.o" --specs=nano.specs -mfpu=fpv4-sp-d16 -mfloat-abi=hard -mthumb -o "Core/Src/main.o"
arm-none-eabi-gcc -o "Protocol_testing.elf" @"objects.list"   -mcpu=cortex-m4 -T"C:\Users\User\Desktop\PROJEKTI\EGG_INCUBATOR\EGG_INCUBATOR\04_Software\01_Prototype_Bringup_SW\CUBE_IDE_Testing\Protocol_testing\STM32F401RETX_FLASH.ld" --specs=nosys.specs -Wl,-Map="Protocol_testing.map" -Wl,--gc-sections -static --specs=nano.specs -mfpu=fpv4-sp-d16 -mfloat-abi=hard -mthumb -Wl,--start-group -lc -lm -Wl,--end-group
Finished building target: Protocol_testing.elf
 
arm-none-eabi-size   Protocol_testing.elf 
arm-none-eabi-objdump -h -S  Protocol_testing.elf  > "Protocol_testing.list"
   text	   data	    bss	    dec	    hex	filename
  13780	     20	   1796	  15596	   3cec	Protocol_testing.elf
Finished building: default.size.stdout
 
Finished building: Protocol_testing.list
 

15:33:14 Build Finished. 0 errors, 0 warnings. (took 416ms)

